// Vitest Snapshot v1, https://vitest.dev/guide/snapshot.html

exports[`Map component > shows all places on initial visit 1`] = `
<div>
  <ul>
    <li>
      <h3>
        A
      </h3>
      <ul>
        <li>
          Adresse: 
          0
          , 
          Montréal
        </li>
        <li>
          Arrondissement: 
          a_0
        </li>
        <li>
          Téléphone: 
          0
        </li>
        <li>
          Accessibilité: 
          a
        </li>
        <li>
          Lat: 
          0
        </li>
        <li>
          Long: 
          0
        </li>
      </ul>
    </li>
    <li>
      <h3>
        B
      </h3>
      <ul>
        <li>
          Adresse: 
          1
          , 
          Montréal
        </li>
        <li>
          Arrondissement: 
          b_1
        </li>
        <li>
          Téléphone: 
          1
        </li>
        <li>
          Accessibilité: 
          b
        </li>
        <li>
          Lat: 
          0
        </li>
        <li>
          Long: 
          0
        </li>
      </ul>
    </li>
  </ul>
</div>
`;
